// Jest Snapshot v1, https://goo.gl/fbAQLP

exports[`Should render ExpenseList item 1`] = `
<div>
  <Link
    replace={false}
    to="/edit/1"
  >
    <h3>
      Rent
    </h3>
  </Link>
  <p>
    197
     - 
    -345600000
  </p>
</div>
`;
